** Drc report for dev-real-production.kicad_pcb **
** Created on 2026-09-09T00:56:41+0530 **

** Found 26 DRC violations **
[track_dangling]: Track has unconnected end
    Local override; warning
    @(21.5420 mm, 40.3517 mm): Track [/STM32H7/JTDI] on Top Layer, length 1.3494 mm
[hole_to_hole]: Drilled hole too close to other hole (board setup constraints min 0.1495 mm; actual 0.0000 mm)
    Rule: board setup constraints; warning
    @(64.2000 mm, 56.7000 mm): Via [/Power/VDD] on Top Layer - Bottom Layer
    @(64.3000 mm, 56.7000 mm): Micro Via [/Power/VDD] on Top Layer - Ground Layer 1
[hole_to_hole]: Drilled hole too close to other hole (board setup constraints min 0.1495 mm; actual 0.0000 mm)
    Rule: board setup constraints; warning
    @(63.4000 mm, 60.8000 mm): Micro Via [/Power/VDD] on Top Layer - Ground Layer 1
    @(63.5000 mm, 60.8000 mm): Via [/Power/VDD] on Top Layer - Bottom Layer
[hole_to_hole]: Drilled hole too close to other hole (board setup constraints min 0.1495 mm; actual 0.0500 mm)
    Rule: board setup constraints; warning
    @(71.5000 mm, 66.0000 mm): Micro Via [/Power/SW] on Top Layer - Ground Layer 1
    @(71.5000 mm, 66.2000 mm): Blind/Buried Via [/Power/SW] on Ground Layer 1 - Power Layer 2
[holes_co_located]: Drilled holes co-located
    Local override; warning
    @(71.5000 mm, 66.2000 mm): Micro Via [/Power/SW] on Top Layer - Ground Layer 1
    @(71.5000 mm, 66.2000 mm): Blind/Buried Via [/Power/SW] on Ground Layer 1 - Power Layer 2
[hole_to_hole]: Drilled hole too close to other hole (board setup constraints min 0.1495 mm; actual 0.0500 mm)
    Rule: board setup constraints; warning
    @(71.5000 mm, 66.2000 mm): Blind/Buried Via [/Power/SW] on Ground Layer 1 - Power Layer 2
    @(71.5000 mm, 66.0000 mm): Blind/Buried Via [/Power/SW] on Ground Layer 1 - Power Layer 2
[holes_co_located]: Drilled holes co-located
    Local override; warning
    @(71.5000 mm, 66.0000 mm): Micro Via [/Power/SW] on Top Layer - Ground Layer 1
    @(71.5000 mm, 66.0000 mm): Blind/Buried Via [/Power/SW] on Ground Layer 1 - Power Layer 2
[hole_to_hole]: Drilled hole too close to other hole (board setup constraints min 0.1495 mm; actual 0.0500 mm)
    Rule: board setup constraints; warning
    @(71.5000 mm, 66.2000 mm): Micro Via [/Power/SW] on Top Layer - Ground Layer 1
    @(71.5000 mm, 66.0000 mm): Blind/Buried Via [/Power/SW] on Ground Layer 1 - Power Layer 2
[hole_to_hole]: Drilled hole too close to other hole (board setup constraints min 0.1495 mm; actual 0.0164 mm)
    Rule: board setup constraints; warning
    @(72.0000 mm, 65.0000 mm): Via [+3V3] on Top Layer - Bottom Layer
    @(72.1000 mm, 65.1000 mm): Micro Via [+3V3] on Top Layer - Ground Layer 1
[hole_to_hole]: Drilled hole too close to other hole (board setup constraints min 0.1495 mm; actual 0.0000 mm)
    Rule: board setup constraints; warning
    @(72.0000 mm, 65.0000 mm): Via [+3V3] on Top Layer - Bottom Layer
    @(72.1000 mm, 65.0000 mm): Micro Via [+3V3] on Top Layer - Ground Layer 1
[hole_to_hole]: Drilled hole too close to other hole (board setup constraints min 0.1495 mm; actual 0.0000 mm)
    Rule: board setup constraints; warning
    @(58.8000 mm, 58.6000 mm): Via [/Power/VIN] on Top Layer - Bottom Layer
    @(58.8000 mm, 58.7000 mm): Micro Via [/Power/VIN] on Top Layer - Ground Layer 1
[hole_to_hole]: Drilled hole too close to other hole (board setup constraints min 0.1495 mm; actual 0.0736 mm)
    Rule: board setup constraints; warning
    @(58.8000 mm, 58.6000 mm): Via [/Power/VIN] on Top Layer - Bottom Layer
    @(58.9000 mm, 58.8000 mm): Via [/Power/VIN] on Top Layer - Bottom Layer
[hole_to_hole]: Drilled hole too close to other hole (board setup constraints min 0.1495 mm; actual 0.0164 mm)
    Rule: board setup constraints; warning
    @(58.8000 mm, 58.7000 mm): Micro Via [/Power/VIN] on Top Layer - Ground Layer 1
    @(58.9000 mm, 58.8000 mm): Via [/Power/VIN] on Top Layer - Bottom Layer
[lib_footprint_mismatch]: Footprint 'SMA_Molex_73251-2120_EdgeMount_Horizontal' does not match copy in library 'Connector_Coaxial'.
    Local override; warning
    @(5.8000 mm, 18.0000 mm): Footprint J7
[lib_footprint_mismatch]: Footprint 'NetTie-2_SMD_Pad0.5mm' does not match copy in library 'NetTie'.
    Local override; warning
    @(70.3000 mm, 54.7000 mm): Footprint NT1
[lib_footprint_mismatch]: Footprint 'QFN-32-1EP_5x5mm_P0.5mm_EP3.45x3.45mm_ThermalVias' does not match copy in library 'Package_DFN_QFN'.
    Local override; warning
    @(68.3915 mm, 26.4721 mm): Footprint U21
[lib_footprint_mismatch]: Footprint 'MIC28516-VQFN-32-6x6mm-P0.65-MultipleEP' does not match copy in library 'MIC28516'.
    Local override; warning
    @(63.0000 mm, 65.0000 mm): Footprint U3
[lib_footprint_mismatch]: Footprint 'R_0402_1005Metric' does not match copy in library 'Resistor_SMD'.
    Local override; warning
    @(6.8000 mm, 18.0000 mm): Footprint RANT1
[lib_footprint_mismatch]: Footprint 'C_0402_1005Metric' does not match copy in library 'Capacitor_SMD'.
    Local override; warning
    @(8.8000 mm, 19.2000 mm): Footprint CANT1
[lib_footprint_mismatch]: Footprint 'WSON-8-1EP_6x5mm_P1.27mm_EP3.4x4mm' does not match copy in library 'Package_SON'.
    Local override; warning
    @(47.0000 mm, 38.0000 mm): Footprint U14
[lib_footprint_mismatch]: Footprint 'WSON-8-1EP_6x5mm_P1.27mm_EP3.4x4mm' does not match copy in library 'Package_SON'.
    Local override; warning
    @(56.0000 mm, 75.0000 mm): Footprint U15
[copper_sliver]: Copper sliver (Top Layer)
    Local override; warning
[copper_sliver]: Copper sliver (Top Layer)
    Local override; warning
[copper_sliver]: Copper sliver (Bottom Layer)
    Local override; warning
[copper_sliver]: Copper sliver (Bottom Layer)
    Local override; warning
[copper_sliver]: Copper sliver (Power Layer 2)
    Local override; warning

** Found 0 unconnected pads **

** Found 0 Footprint errors **

** End of Report **
